---
source: crates/busx/tests/tui_pty.rs
assertion_line: 579
expression: screen
---







          ┌copy as — ↑↓ choose · Enter copy · Esc────────────────────────────────────────┐
          │dbus-send: dbus-send --bus=<SOCKET>
          │busctl: busctl --address=<SOCKET>
          │qdbus: qdbus --bus <SOCKET>
          │gdbus: gdbus call --address=<SOCKET>
          │dbus-send --bus=<SOCKET>
          │                                                                              │
          │                                                                              │
          │                                                                              │
          │                                                                              │
          │                                                                              │
          │                                                                              │
          │                                                                              │
          └──────────────────────────────────────────────────────────────────────────────┘
