---
source: crates/busx/tests/tui_pty.rs
expression: cropped.as_str()
---
copy as — ↑↓ choose · Enter copy · Esc────────────────────────────────────────
dbus-send: (unsupported)
busctl --address=<SOCKET>
qdbus: (unsupported)
gdbus call --address=<SOCKET>
busx --address=<SOCKET>
busctl --address=<SOCKET>





copied
