---
source: crates/busx/tests/tui_pty.rs
expression: probe.screen_contents()
---
     ┌help — Esc or ? to close────────────────────────────────────────────┐
     │busx — keybindings                                                  │
     │                                                                    │
     │global:                                                             │
     │  ↑↓ / jk     move selection (or scroll on the Result screen)       │
     │  ←→ / hl     (Result) scroll a long line sideways; `<`/`>` mark    │
     │hidden text                                                         │
     │  Enter       open / activate / drill in / fire the focused button  │
     │  Esc         back (or stop a listen); at the root Service screen,  │
     │quit                                                                │
     │  q           quit                                                  │
     │  /           (list screen) filter — type to narrow, ↑↓ pick, Enter │
     │open, Esc clear                                                     │
     │  Tab         (Interface) cycle the methods/properties/signals      │
     │columns                                                             │
     │  r           refresh the current view (service list / objects /    │
     │interfaces / property values)                                       │
     │  c           copy-as — generate dbus-send/busctl/qdbus/gdbus for   │
     │the current op                                                      │
     │  y           (Result) copy the result text                         │
     │  ?           toggle this help                                      │
     │  mouse       click to select / click a button to activate / wheel  │
     └────────────────────────────────────────────────────────────────────┘
