---
source: crates/busx/tests/tui_pty.rs
expression: probe.screen_contents()
---
                                                                                
                                                                                
                                                                                
                                                                                
            ┌help — Esc or ? to close──────────────────────────────┐
            │busx — keybindings                                    │
            │                                                      │
            │global:                                               │
            │  ↑↓ / jk     move selection (or scroll on the Result │
            │screen)                                               │
            │  Enter       open / activate / drill in / fire the   │
            │focused button                                        │
            │  Esc         back (or stop a listen); at the root    │
            │Service screen, quit                                  │
            │  q           quit                                    │
            │  /           (list screen) filter — type to narrow,  │
            │↑↓ pick, Enter open, Esc clear                        │
            │  Tab         (Interface) cycle the                   │
            │methods/properties/signals columns                    │
            └──────────────────────────────────────────────────────┘
