---
source: crates/busx/tests/tui_pty.rs
assertion_line: 596
expression: screen
---
org.busx.Test > /org/busx/Test > org.busx.Test
┌▶ methods─────────────────────────────────────────────────────────────┐┌actions───────────────────┐
│TakeHints          a{sv}                                              ││Call                      │
│Join               as                                                 ││Listen                    │
│BumpVolume                                                            ││                          │
│MakeFd                                                                ││                          │
│MakePipeFd                                                            ││                          │
│MakeBytes                                                             ││                          │
│MakeRawBytes                                                          ││                          │
└──────────────────────────────────────────────────────────────────────┘│                          │
┌properties────────────────────────────────────────────────────────────┐│                          │
│counts  a{uu}  {1: 10, 2: 20}                                         ││                          │
│hints   a{sv}  {"urgency": <y 1>}                                     ││                          │
│name    s      "busx-test"                                            ││                          │
│volume  d      0.5                                                    ││                          │
│                                                                      ││                          │
│                                                                      ││                          │
└──────────────────────────────────────────────────────────────────────┘│                          │
┌signals───────────────────────────────────────────────────────────────┐│                          │
│                                                                      ││                          │
│                                                                      ││                          │
│                                                                      ││                          │
│                                                                      ││                          │
│                                                                      ││                          │
│                                                                      ││                          │
│                                                                      ││                          │
└──────────────────────────────────────────────────────────────────────┘└──────────────────────────┘
Tab column · ↑↓ select · Enter open · r refresh · Esc back · q quit · ? help
