---
source: crates/busx/src/tui/e2e_tests.rs
expression: out
---
"org.busx.Test                                                   "
"┌Objects───────────────────────────────────────────────────────┐"
"│/                                                             │"
"│/org                                                          │"
"│/org/busx                                                     │"
"│/org/busx/Test                                                │"
"│/org/busx/Test/sub                                            │"
"│                                                              │"
"│                                                              │"
"│                                                              │"
"└──────────────────────────────────────────────────────────────┘"
"↑↓ select · Enter open · / filter · Esc back · q quit · ? help  "
