---
source: crates/busx/src/tui/e2e_tests.rs
expression: out
---
"                                                                "
"┌Services──────────────────────────────────────────────────────┐"
"│org.busx.Scroll07                      <PID>  busx-1e64b0be43│"
"│org.busx.Scroll08                      <PID>  busx-1e64b0be43│"
"│org.busx.Scroll09                      <PID>  busx-1e64b0be43│"
"│org.busx.Scroll10                      <PID>  busx-1e64b0be43│"
"└──────────────────────────────────────────────────────────────┘"
"↑↓ select · Enter open · / filter · q quit · ? help             "
