---
source: tests/tui.rs
assertion_line: 439
expression: "render_to_string(&state, 48, 9)"
---
"org.busx.Test                                   "
"┌Objects───────────────────────────────────────┐"
"│/org/foo                                      │"
"│/bar                                          │"
"│                                              │"
"│                                              │"
"│                                              │"
"└──────────────────────────────────────────────┘"
"↑↓ select · Enter open · / filter · Esc back · q"
