---
source: tests/tui.rs
assertion_line: 379
expression: "render_to_string(&state, 40, 7)"
---
"org.busx.Test                           "
"┌Objects───────────────────────────────┐"
"│/org/a                                │"
"│/org/b                                │"
"└──────────────────────────────────────┘"
"/ org                                   "
"↑↓ select · Enter open · / filter · Esc "
