---
source: tests/tui.rs
expression: rendered
---
"s:/o:i                                                          "
"┌▶ methods───────────────────────────────────┐┌actions─────────┐"
"│m1  u                                       ││调用            │" Hidden by multi-width symbols: [(48, " "), (50, " ")]
"│m2                                          ││监听            │" Hidden by multi-width symbols: [(48, " "), (50, " ")]
"│                                            ││                │"
"└────────────────────────────────────────────┘│                │"
"┌properties (unavailable)────────────────────┐│                │"
"│org.freedesktop.DBus.Error.InvalidArgs: 无此││                │" Hidden by multi-width symbols: [(42, " "), (44, " ")]
"│                                            ││                │"
"└────────────────────────────────────────────┘│                │"
"┌signals─────────────────────────────────────┐│                │"
"│sig1  u                                     ││                │"
"│                                            ││                │"
"│                                            ││                │"
"└────────────────────────────────────────────┘└────────────────┘"
"Tab column · ↑↓ select · Enter open · r refresh · Esc back · q q"
