---
source: tests/tui.rs
assertion_line: 400
expression: "render_to_string(&state, 60, 16)"
---
"org.busx.Test:/org/busx/Test:org.busx.Test                  "
"┌methods──────────────────────────────────┐┌actions────────┐"
"│BumpVolume                               ││读取           │" Hidden by multi-width symbols: [(45, " "), (47, " ")]
"│Join  as                                 ││设置           │" Hidden by multi-width symbols: [(45, " "), (47, " ")]
"│                                         ││监听           │" Hidden by multi-width symbols: [(45, " "), (47, " ")]
"└─────────────────────────────────────────┘│               │"
"┌▶ properties─────────────────────────────┐│               │"
"│volume  d  0.5                           ││               │"
"│name  s  "busx-test"                     ││               │"
"└─────────────────────────────────────────┘│               │"
"┌signals──────────────────────────────────┐│               │"
"│                                         ││               │"
"│                                         ││               │"
"│                                         ││               │"
"└─────────────────────────────────────────┘└───────────────┘"
"Tab buttons · Shift+Tab column · ↑↓ select · r refresh · Esc"
