---
source: tests/tui.rs
expression: "render_to_string(&state, 44, 7)"
---
"/org/busx/Test                              "
"┌Interfaces────────────────────────────────┐"
"│org.busx.Test                             │"
"│                                          │"
"│                                          │"
"└──────────────────────────────────────────┘"
"↑↓ select · Enter open · Esc back · q quit ·"
