---
source: tests/tui.rs
expression: "render_to_string(&state, 40, 8)"
---
"call Add                                "
"┌call i.Add────────────────────────────┐"
"│▶ n  u  42▏                           │"
"│                                      │"
"│                                      │"
"│               [Trigger]              │"
"└──────────────────────────────────────┘"
"Tab move · Enter trigger · c copy-as · E"
