---
source: tests/tui.rs
expression: "format!(\"{}\", term.backend())"
---
"services > org.busx.Test > org.busx.Test /org > org.busx.Tes"
"┌▶ methods─────────────────────────────────────────────────┐"
"│Ping                                                      │"
"│                                                          │"
"│                                                          │"
"└──────────────────────────────────────────────────────────┘"
"┌properties (loading…)─────────────────────────────────────┐"
"│Name  s                                                   │"
"│                                                          │"
"└──────────────────────────────────────────────────────────┘"
"┌signals───────────────────────────────────────────────────┐"
"│                                                          │"
"│                                                          │"
"│                                                          │"
"└──────────────────────────────────────────────────────────┘"
"Tab switch · ↑↓ select · r refresh · Esc back · q quit      "
