---
source: tests/tui.rs
expression: "render_to_string(&state, 60, 16)"
---
"services                                                    "
"┌Services──────────────────────────────────────────────────┐"
"│org.busx┌help — Esc or ? to close────────────────┐        │"
"│        │busx — keybindings                      │        │"
"│        │                                        │        │"
"│        │global:                                 │        │"
"│        │  ↑↓ / jk     move selection (or scroll │        │"
"│        │on the Result screen)                   │        │"
"│        │  Enter       open / activate / drill in│        │"
"│        │/ fire the focused button               │        │"
"│        │  Esc         back (or stop a listen);  │        │"
"│        │at the root Service screen, quit        │        │"
"│        └────────────────────────────────────────┘        │"
"│                                                          │"
"└──────────────────────────────────────────────────────────┘"
"↑↓ select · Enter open · q quit · ? help                    "
