---
source: tests/tui.rs
expression: "format!(\"{}\", term.backend())"
---
"services > org.busx.Test > org.busx.Test / > org.busx.Test:/"
"┌▶ methods────────────────────────────────┐┌actions────────┐"
"│Ping                                     ││调用           │" Hidden by multi-width symbols: [(45, " "), (47, " ")]
"│                                         ││               │"
"│                                         ││               │"
"└─────────────────────────────────────────┘│               │"
"┌properties (loading…)────────────────────┐│               │"
"│Name  s                                  ││               │"
"│                                         ││               │"
"└─────────────────────────────────────────┘│               │"
"┌signals──────────────────────────────────┐│               │"
"│                                         ││               │"
"│                                         ││               │"
"│                                         ││               │"
"└─────────────────────────────────────────┘└───────────────┘"
"Tab buttons · Shift+Tab column · ↑↓ select · r refresh · Esc"
