---
source: tests/tui.rs
assertion_line: 663
expression: "render_to_string(&state, 64, 16)"
---
"org.busx.Test:/org/busx/Test:org.busx.Test                      "
"┌methods─────────────────────────────────────┐┌▶ actions───────┐"
"│Ping                                        ││调用            │" Hidden by multi-width symbols: [(48, " "), (50, " ")]
"│Echo  ss                                    ││监听            │" Hidden by multi-width symbols: [(48, " "), (50, " ")]
"│                                            ││                │"
"└────────────────────────────────────────────┘│                │"
"┌properties──────────────────────────────────┐│                │"
"│Name  s                                     ││                │"
"│                                            ││                │"
"└────────────────────────────────────────────┘│                │"
"┌signals─────────────────────────────────────┐│                │"
"│                                            ││                │"
"│                                            ││                │"
"│                                            ││                │"
"└────────────────────────────────────────────┘└────────────────┘"
"Tab buttons · Shift+Tab column · ↑↓ select · r refresh · Esc bac"
