---
source: tests/tui.rs
expression: "format!(\"{}\", term.backend())"
---
"org.busx.Test > / > org.busx.Test                           "
"┌▶ methods────────────────────────────────┐┌actions────────┐"
"│Ping                                     ││Call           │"
"│                                         ││Listen         │"
"│                                         ││               │"
"└─────────────────────────────────────────┘│               │"
"┌properties (loading…)────────────────────┐│               │"
"│Name  s                                  ││               │"
"│                                         ││               │"
"└─────────────────────────────────────────┘│               │"
"┌signals──────────────────────────────────┐│               │"
"│                                         ││               │"
"│                                         ││               │"
"│                                         ││               │"
"└─────────────────────────────────────────┘└───────────────┘"
"Tab column · ↑↓ select · Enter open · r refresh · Esc back ·"
