---
source: tests/tui.rs
expression: "render_to_string(&state, 40, 8)"
---
"s:/o:i › set p1                         "
"┌set p1────────────────────────────────┐"
"│s  hi                                 │"
"│                                      │"
"│                                      │"
"│                [触发]                │" Hidden by multi-width symbols: [(19, " "), (21, " ")]
"└──────────────────────────────────────┘"
"Tab move · Enter trigger · Esc back · q "
