---
source: tests/tui.rs
expression: "render_to_string(&state, 60, 16)"
---
"org.busx.Test:/org/busx/Test:org.busx.Test                  "
"┌methods───────────────────────────────────────────────────┐"
"│BumpVolume                                                │"
"│Join  as                                                  │"
"│                                                          │"
"└──────────────────────────────────────────────────────────┘"
"┌▶ properties──────────────────────────────────────────────┐"
"│volume  d  0.5                                            │"
"│name  s  "busx-test"                                      │"
"└──────────────────────────────────────────────────────────┘"
"┌signals───────────────────────────────────────────────────┐"
"│                                                          │"
"│                                                          │"
"│                                                          │"
"└──────────────────────────────────────────────────────────┘"
"Tab switch · ↑↓ select · r refresh · Esc back · q quit      "
